Content-Security-Policy: default-src 'self'; script-src 'self'; style-src 'self'; img-src 'self' data:; font-src 'self'; connect-src 'self' wss://chat.example; base-uri 'none'; frame-ancestors 'none'; object-src 'none'
Cross-Origin-Opener-Policy: same-origin
Permissions-Policy: camera=(), microphone=(), geolocation=()
Referrer-Policy: no-referrer
X-Content-Type-Options: nosniff
